<h1>Teste de Emiss├úo Manual NFCom (Homologa├º├úo)</h1><pre>Construindo XML...
XML Gerado com sucesso.
Configurando Servi├ºo...
Assinando XML...
XML Assinado.
Enviando para SEFAZ...
